SPR 000 write = 00040000
SPR 3B8 write = 00000000
SPR 3B8 read
SPR 3B9 write = 00000000
SPR 3B9 read
SPR 3BA write = 00000000
SPR 3BA read
SPR 3BB write = 00000000
SPR 3BB read
SPR 3BF write = 00000000
SPR 3BF read
SPR 3BC write = 00000000
SPR 3BC read
SPR 3BD write = 00000000
SPR 3BD read
SPR 3BE write = 00000000
SPR 3BE read
SPR 3B8 write = 00000000
SPR 3B8 read
SPR 3B9 write = 00000000
SPR 3B9 read
SPR 3BA write = 00000000
SPR 3BA read
SPR 3BB write = 00000000
SPR 3BB read
SPR 3BF write = 00000000
SPR 3BF read
SPR 3BC write = 00000000
SPR 3BC read
SPR 3BD write = 00000000
SPR 3BD read
SPR 3BE write = 00000000
SPR 3BE read
Average speed: 33.87% (14 seconds)
