Clang 21.0.0 detected
Compiling src/mame/apple/dfac2.cpp...
Compiling src/mame/apple/f108.cpp...
Compiling src/mame/apple/imacg3.cpp...
Compiling src/devices/bus/pci/pci_slot.cpp...
Compiling src/devices/bus/pci/zr36057.cpp...
Compiling src/mame/apple/iosb.cpp...
Compiling src/devices/machine/dimm_spd.cpp...
Compiling src/devices/machine/i2chle.cpp...
Compiling src/mame/apple/maccordyceps.cpp...
Compiling src/mame/apple/maclc.cpp...
Compiling src/devices/sound/asc.cpp...
Compiling src/devices/sound/tda7433.cpp...
Compiling src/devices/video/saa7110.cpp...
Compiling src/mame/apple/maclc3.cpp...
Compiling src/mame/apple/macquadra605.cpp...
Archiving liboptional.a...
Compiling src/mame/apple/macquadra630.cpp...
Compiling src/mame/apple/macquadra800.cpp...
Compiling src/mame/apple/powermacg3.cpp...
Compiling src/mame/apple/valkyrie.cpp...
Compiling src/mame/jpm/pl6_pic.cpp...
Compiling src/mame/jpm/pluto6.cpp...
Compiling src/mame/namco/namcos23.cpp...
Compiling src/mame/namco/vpx3220a.cpp...
Archiving libmame_upcheck.a...
Linking upcheck...
