Clang 21.0.0 detected
Compiling src/mame/apple/dfac2.cpp...
Compiling src/mame/apple/f108.cpp...
Compiling src/mame/apple/iosb.cpp...
Compiling src/mame/apple/maccordyceps.cpp...
Compiling src/mame/apple/macii.cpp...
Compiling src/mame/apple/maciici.cpp...
Compiling src/mame/apple/maciifx.cpp...
Compiling src/devices/sound/asc.cpp...
Archiving liboptional.a...
Compiling src/mame/apple/maclc.cpp...
Compiling src/mame/apple/maclc3.cpp...
Compiling src/mame/apple/macprtb.cpp...
Compiling src/mame/apple/macpwrbk030.cpp...
Compiling src/mame/apple/macquadra605.cpp...
Compiling src/mame/apple/macquadra630.cpp...
Compiling src/mame/apple/macquadra700.cpp...
Compiling src/mame/apple/macquadra800.cpp...
Compiling src/mame/apple/sonora.cpp...
Compiling src/mame/apple/v8.cpp...
Archiving libmame_upcheck.a...
Compiling generated/version.cpp...
Emitting mame_upcheck-Info.plist...
Linking upcheck...
