ClockProbe/Makefile: OK
ClockProbe/asctester.h: OK
ClockProbe/clockprobe.c: OK
ClockProbe/results-hw-v2-2026-09-23.txt: OK
DFACProbe/Makefile: OK
DFACProbe/README.md: OK
DFACProbe/analyze.py: OK
DFACProbe/asctester.h: OK
DFACProbe/probe.c: OK
DFACProbe/results/hw-v6-2026-09-23.txt: OK
FIFOProbe/Makefile: OK
FIFOProbe/asctester.h: OK
FIFOProbe/data-hw-v1-2026-09-24.bin: OK
FIFOProbe/fifoprobe.c: OK
FIFOProbe/results-hw-v1-2026-09-24.txt: OK
FilterProbe/Makefile: OK
FilterProbe/analyze.py: OK
FilterProbe/asctester.h: OK
FilterProbe/filterprobe.c: OK
FilterProbe/recordings/hw-v1-2026-09-24.wav: OK
FilterProbe/results-hw-v1-2026-09-24.txt: OK
I2CProbe/Makefile: OK
I2CProbe/README.md: OK
I2CProbe/asctester.h: OK
I2CProbe/probe.c: OK
I2CProbe/results-hw-v1-2026-09-24.txt: OK
JackProbe/Makefile: OK
JackProbe/analyze.py: OK
JackProbe/analyze_cd.py: OK
JackProbe/asctester.h: OK
JackProbe/jackprobe.c: OK
JackProbe/recordings/hw-v1-2026-09-24.wav: OK
JackProbe/recordings/hw-v2-2026-09-24-cd.wav: OK
JackProbe/results-hw-v1-2026-09-24.txt: OK
JackProbe/results-hw-v2-2026-09-24.txt: OK
RampProbe/Makefile: OK
RampProbe/analyze.py: OK
RampProbe/asctester.h: OK
RampProbe/rampprobe.c: OK
RampProbe/recordings/hw-v1-2026-09-24.wav: OK
RampProbe/results-hw-v1-2026-09-24.txt: OK
RecProbe/Makefile: OK
RecProbe/README.md: OK
RecProbe/asctester.h: OK
RecProbe/data-hw-v3-2026-09-23.bin: OK
RecProbe/recprobe.c: OK
RecProbe/results-hw-v3-2026-09-23.txt: OK
ResetProbe/Makefile: OK
ResetProbe/README.md: OK
ResetProbe/asctester.h: OK
ResetProbe/probe.c: OK
ResetProbe/results-hw-2026-09-24.txt: OK
StateProbe/Makefile: OK
StateProbe/analyze.py: OK
StateProbe/asctester.h: OK
StateProbe/recordings/hw-v1-2026-09-24.wav: OK
StateProbe/results-hw-v1-2026-09-24.txt: OK
StateProbe/stateprobe.c: OK
XAProbe/Makefile: OK
XAProbe/asctester.h: OK
XAProbe/results-hw-v2-2026-09-23.txt: OK
XAProbe/xaprobe.c: OK
